2026-04-17 23:04:15.811 +02:00 [INF] Executed DbCommand (6ms) [Parameters=[], CommandType='"Text"', CommandTimeout='30']
SELECT 1
2026-04-17 23:04:15.859 +02:00 [INF] Acquiring an exclusive lock for migration application. See https://aka.ms/efcore-docs-migrations-lock for more information if this takes too long.
2026-04-17 23:04:15.887 +02:00 [INF] Executed DbCommand (25ms) [Parameters=[], CommandType='"Text"', CommandTimeout='30']
DECLARE @result int;
EXEC @result = sp_getapplock @Resource = '__EFMigrationsLock', @LockOwner = 'Session', @LockMode = 'Exclusive';
SELECT @result
2026-04-17 23:04:15.970 +02:00 [INF] Executed DbCommand (4ms) [Parameters=[], CommandType='"Text"', CommandTimeout='30']
IF OBJECT_ID(N'[__EFMigrationsHistory]') IS NULL
BEGIN
    CREATE TABLE [__EFMigrationsHistory] (
        [MigrationId] nvarchar(150) NOT NULL,
        [ProductVersion] nvarchar(32) NOT NULL,
        CONSTRAINT [PK___EFMigrationsHistory] PRIMARY KEY ([MigrationId])
    );
END;
2026-04-17 23:04:15.981 +02:00 [INF] Executed DbCommand (1ms) [Parameters=[], CommandType='"Text"', CommandTimeout='30']
SELECT 1
2026-04-17 23:04:15.982 +02:00 [INF] Executed DbCommand (1ms) [Parameters=[], CommandType='"Text"', CommandTimeout='30']
SELECT OBJECT_ID(N'[__EFMigrationsHistory]');
2026-04-17 23:04:15.987 +02:00 [INF] Executed DbCommand (2ms) [Parameters=[], CommandType='"Text"', CommandTimeout='30']
SELECT [MigrationId], [ProductVersion]
FROM [__EFMigrationsHistory]
ORDER BY [MigrationId];
2026-04-17 23:04:15.992 +02:00 [INF] No migrations were applied. The database is already up to date.
2026-04-17 23:04:15.998 +02:00 [INF] Executed DbCommand (4ms) [Parameters=[], CommandType='"Text"', CommandTimeout='30']
DECLARE @result int;
EXEC @result = sp_releaseapplock @Resource = '__EFMigrationsLock', @LockOwner = 'Session';
SELECT @result
2026-04-17 23:05:22.082 +02:00 [INF] User profile is available. Using 'C:\Users\HP\AppData\Local\ASP.NET\DataProtection-Keys' as key repository and Windows DPAPI to encrypt keys at rest.
2026-04-17 23:05:22.383 +02:00 [INF] Now listening on: https://localhost:7102
2026-04-17 23:05:22.385 +02:00 [INF] Now listening on: http://localhost:5119
2026-04-17 23:05:22.422 +02:00 [INF] Application started. Press Ctrl+C to shut down.
2026-04-17 23:05:22.423 +02:00 [INF] Hosting environment: Development
2026-04-17 23:05:22.423 +02:00 [INF] Content root path: C:\Users\HP\source\repos\InternshipMatcher\src\InternshipMatcher.API
2026-04-17 23:05:22.607 +02:00 [INF] Request starting HTTP/2 GET https://localhost:7102/swagger/index.html - null null
2026-04-17 23:05:22.785 +02:00 [INF] Request finished HTTP/2 GET https://localhost:7102/swagger/index.html - 304 null null 178.5549ms
2026-04-17 23:05:22.810 +02:00 [INF] Request starting HTTP/2 GET https://localhost:7102/swagger/swagger-ui-bundle.js - null null
2026-04-17 23:05:22.810 +02:00 [INF] Request starting HTTP/2 GET https://localhost:7102/swagger/index.css - null null
2026-04-17 23:05:22.810 +02:00 [INF] Request starting HTTP/2 GET https://localhost:7102/swagger/swagger-ui.css - null null
2026-04-17 23:05:22.827 +02:00 [INF] Request finished HTTP/2 GET https://localhost:7102/swagger/index.css - 304 null null 16.2341ms
2026-04-17 23:05:22.827 +02:00 [INF] Request finished HTTP/2 GET https://localhost:7102/swagger/swagger-ui.css - 304 null null 16.2364ms
2026-04-17 23:05:22.830 +02:00 [INF] Request finished HTTP/2 GET https://localhost:7102/swagger/swagger-ui-bundle.js - 304 null null 20.1023ms
2026-04-17 23:05:22.834 +02:00 [INF] Request starting HTTP/2 GET https://localhost:7102/swagger/swagger-ui-standalone-preset.js - null null
2026-04-17 23:05:22.834 +02:00 [INF] Request starting HTTP/2 GET https://localhost:7102/swagger/index.js - null null
2026-04-17 23:05:22.835 +02:00 [INF] Request starting HTTP/2 GET https://localhost:7102/_framework/aspnetcore-browser-refresh.js - null null
2026-04-17 23:05:22.850 +02:00 [INF] Request finished HTTP/2 GET https://localhost:7102/swagger/swagger-ui-standalone-preset.js - 304 null null 16.4089ms
2026-04-17 23:05:22.853 +02:00 [INF] Request finished HTTP/2 GET https://localhost:7102/swagger/index.js - 304 null null 18.9295ms
2026-04-17 23:05:22.866 +02:00 [INF] Request finished HTTP/2 GET https://localhost:7102/_framework/aspnetcore-browser-refresh.js - 200 16526 application/javascript; charset=utf-8 31.9331ms
2026-04-17 23:05:22.922 +02:00 [INF] Request starting HTTP/2 GET https://localhost:7102/swagger/v1/swagger.json - null null
2026-04-17 23:05:22.923 +02:00 [INF] Request starting HTTP/2 GET https://localhost:7102/swagger/favicon-32x32.png - null null
2026-04-17 23:05:22.929 +02:00 [INF] Request finished HTTP/2 GET https://localhost:7102/swagger/favicon-32x32.png - 304 null null 5.8207ms
2026-04-17 23:05:23.031 +02:00 [INF] Request finished HTTP/2 GET https://localhost:7102/swagger/v1/swagger.json - 200 null application/json;charset=utf-8 109.8577ms
2026-04-17 23:05:37.703 +02:00 [INF] User profile is available. Using 'C:\Users\HP\AppData\Local\ASP.NET\DataProtection-Keys' as key repository and Windows DPAPI to encrypt keys at rest.
2026-04-17 23:05:38.043 +02:00 [INF] Now listening on: https://localhost:7102
2026-04-17 23:05:38.047 +02:00 [INF] Now listening on: http://localhost:5119
2026-04-17 23:05:38.083 +02:00 [INF] Application started. Press Ctrl+C to shut down.
2026-04-17 23:05:38.084 +02:00 [INF] Hosting environment: Development
2026-04-17 23:05:38.085 +02:00 [INF] Content root path: C:\Users\HP\source\repos\InternshipMatcher\src\InternshipMatcher.API
2026-04-17 23:05:38.267 +02:00 [INF] Request starting HTTP/2 GET https://localhost:7102/swagger/index.html - null null
2026-04-17 23:05:38.423 +02:00 [INF] Request finished HTTP/2 GET https://localhost:7102/swagger/index.html - 304 null null 157.6284ms
2026-04-17 23:05:38.443 +02:00 [INF] Request starting HTTP/2 GET https://localhost:7102/swagger/index.css - null null
2026-04-17 23:05:38.443 +02:00 [INF] Request starting HTTP/2 GET https://localhost:7102/swagger/swagger-ui.css - null null
2026-04-17 23:05:38.443 +02:00 [INF] Request starting HTTP/2 GET https://localhost:7102/swagger/swagger-ui-bundle.js - null null
2026-04-17 23:05:38.458 +02:00 [INF] Request finished HTTP/2 GET https://localhost:7102/swagger/index.css - 304 null null 15.6791ms
2026-04-17 23:05:38.458 +02:00 [INF] Request finished HTTP/2 GET https://localhost:7102/swagger/swagger-ui.css - 304 null null 15.6795ms
2026-04-17 23:05:38.462 +02:00 [INF] Request finished HTTP/2 GET https://localhost:7102/swagger/swagger-ui-bundle.js - 304 null null 18.9805ms
2026-04-17 23:05:38.466 +02:00 [INF] Request starting HTTP/2 GET https://localhost:7102/swagger/swagger-ui-standalone-preset.js - null null
2026-04-17 23:05:38.468 +02:00 [INF] Request starting HTTP/2 GET https://localhost:7102/swagger/index.js - null null
2026-04-17 23:05:38.468 +02:00 [INF] Request starting HTTP/2 GET https://localhost:7102/_framework/aspnetcore-browser-refresh.js - null null
2026-04-17 23:05:38.487 +02:00 [INF] Request finished HTTP/2 GET https://localhost:7102/swagger/swagger-ui-standalone-preset.js - 304 null null 20.9006ms
2026-04-17 23:05:38.489 +02:00 [INF] Request finished HTTP/2 GET https://localhost:7102/swagger/index.js - 304 null null 21.1733ms
2026-04-17 23:05:38.499 +02:00 [INF] Request finished HTTP/2 GET https://localhost:7102/_framework/aspnetcore-browser-refresh.js - 200 16526 application/javascript; charset=utf-8 30.6759ms
2026-04-17 23:05:38.543 +02:00 [INF] Request starting HTTP/2 GET https://localhost:7102/swagger/v1/swagger.json - null null
2026-04-17 23:05:38.549 +02:00 [INF] Request starting HTTP/2 GET https://localhost:7102/swagger/favicon-32x32.png - null null
2026-04-17 23:05:38.552 +02:00 [INF] Request finished HTTP/2 GET https://localhost:7102/swagger/favicon-32x32.png - 304 null null 2.8048ms
2026-04-17 23:05:38.657 +02:00 [INF] Request finished HTTP/2 GET https://localhost:7102/swagger/v1/swagger.json - 200 null application/json;charset=utf-8 113.8951ms
2026-04-17 23:06:36.340 +02:00 [INF] Request starting HTTP/2 GET https://localhost:7102/swagger/index.html - null null
2026-04-17 23:06:36.348 +02:00 [INF] Request finished HTTP/2 GET https://localhost:7102/swagger/index.html - 304 null null 7.5328ms
2026-04-17 23:06:36.376 +02:00 [INF] Request starting HTTP/2 GET https://localhost:7102/swagger/swagger-ui.css - null null
2026-04-17 23:06:36.379 +02:00 [INF] Request finished HTTP/2 GET https://localhost:7102/swagger/swagger-ui.css - 304 null null 2.452ms
2026-04-17 23:06:36.381 +02:00 [INF] Request starting HTTP/2 GET https://localhost:7102/swagger/index.css - null null
2026-04-17 23:06:36.382 +02:00 [INF] Request starting HTTP/2 GET https://localhost:7102/swagger/swagger-ui-bundle.js - null null
2026-04-17 23:06:36.382 +02:00 [INF] Request starting HTTP/2 GET https://localhost:7102/swagger/index.js - null null
2026-04-17 23:06:36.383 +02:00 [INF] Request starting HTTP/2 GET https://localhost:7102/swagger/swagger-ui-standalone-preset.js - null null
2026-04-17 23:06:36.383 +02:00 [INF] Request starting HTTP/2 GET https://localhost:7102/_framework/aspnetcore-browser-refresh.js - null null
2026-04-17 23:06:36.386 +02:00 [INF] Request finished HTTP/2 GET https://localhost:7102/swagger/index.css - 304 null null 4.8806ms
2026-04-17 23:06:36.388 +02:00 [INF] Request finished HTTP/2 GET https://localhost:7102/swagger/swagger-ui-bundle.js - 304 null null 6.1231ms
2026-04-17 23:06:36.391 +02:00 [INF] Request finished HTTP/2 GET https://localhost:7102/swagger/index.js - 304 null null 8.2677ms
2026-04-17 23:06:36.396 +02:00 [INF] Request finished HTTP/2 GET https://localhost:7102/swagger/swagger-ui-standalone-preset.js - 304 null null 13.2199ms
2026-04-17 23:06:36.399 +02:00 [INF] Request finished HTTP/2 GET https://localhost:7102/_framework/aspnetcore-browser-refresh.js - 200 16526 application/javascript; charset=utf-8 15.916ms
2026-04-17 23:06:36.448 +02:00 [INF] Request starting HTTP/2 GET https://localhost:7102/swagger/v1/swagger.json - null null
2026-04-17 23:06:36.449 +02:00 [INF] Request starting HTTP/2 GET https://localhost:7102/swagger/favicon-32x32.png - null null
2026-04-17 23:06:36.453 +02:00 [INF] Request finished HTTP/2 GET https://localhost:7102/swagger/favicon-32x32.png - 304 null null 4.0269ms
2026-04-17 23:06:36.459 +02:00 [INF] Request finished HTTP/2 GET https://localhost:7102/swagger/v1/swagger.json - 200 null application/json;charset=utf-8 11.2189ms
2026-04-17 23:06:40.648 +02:00 [INF] Request starting HTTP/2 POST https://localhost:7102/api/Auth/Registeration - application/json 127
2026-04-17 23:06:40.656 +02:00 [INF] CORS policy execution failed.
2026-04-17 23:06:40.659 +02:00 [INF] Request origin https://localhost:7102 does not have permission to access the resource.
2026-04-17 23:06:40.663 +02:00 [INF] Executing endpoint 'InternshipMatcher.API.Controllers.AuthController.RegisterUser (InternshipMatcher.API)'
2026-04-17 23:06:40.686 +02:00 [INF] Route matched with {action = "RegisterUser", controller = "Auth"}. Executing controller action with signature System.Threading.Tasks.Task`1[InternshipMatcher.API.Common.ResponseStructure.Result`1[InternshipMatcher.API.Common.CommonViewModels.RegisterationResponseViewModel]] RegisterUser(InternshipMatcher.API.Common.CommonViewModels.UserRegisterationReqVM) on controller InternshipMatcher.API.Controllers.AuthController (InternshipMatcher.API).
2026-04-17 23:06:40.698 +02:00 [WRN] You do not have a valid license key for the Lucky Penny software MediatR. This is allowed for development and testing scenarios. If you are running in production you are required to have a licensed version. Please visit https://luckypennysoftware.com to obtain a valid license.
2026-04-17 23:06:41.909 +02:00 [ERR] Failed executing DbCommand (37ms) [Parameters=[@p0='?' (DbType = Guid), @p1='?' (Size = 4000), @p2='?' (DbType = DateTime2), @p3='?' (Size = 255), @p4='?' (Size = 4000), @p5='?' (DbType = Boolean), @p6='?' (DbType = Boolean), @p7='?' (Size = 4000), @p8='?' (Size = 4000), @p9='?' (Size = 255), @p10='?' (Size = 4000), @p11='?' (Size = 4000), @p12='?' (Size = 4000), @p13='?' (DbType = Boolean), @p14='?' (DbType = Int32)], CommandType='"Text"', CommandTimeout='30']
SET IMPLICIT_TRANSACTIONS OFF;
SET NOCOUNT ON;
INSERT INTO [Users] ([ID], [ConfirmPassword], [DateOfBirth], [Email], [FirstName], [IsActive], [IsDeleted], [LastName], [Password], [PasswordHash], [PasswordSalt], [Phone], [RefreshToken], [RememberMe], [Role])
VALUES (@p0, @p1, @p2, @p3, @p4, @p5, @p6, @p7, @p8, @p9, @p10, @p11, @p12, @p13, @p14);
2026-04-17 23:06:41.935 +02:00 [ERR] An exception occurred in the database while saving changes for context type 'InternshipMatcher.Infra.DbContext.AppDbContext'.
Microsoft.EntityFrameworkCore.DbUpdateException: An error occurred while saving the entity changes. See the inner exception for details.
 ---> Microsoft.Data.SqlClient.SqlException (0x80131904): Cannot insert the value NULL into column 'ConfirmPassword', table 'Internship_Matcher_DB.dbo.Users'; column does not allow nulls. INSERT fails.
The statement has been terminated.
   at Microsoft.Data.SqlClient.SqlCommand.<>c.<ExecuteDbDataReaderAsync>b__195_0(Task`1 result)
   at System.Threading.Tasks.ContinuationResultTaskFromResultTask`2.InnerInvoke()
   at System.Threading.ExecutionContext.RunInternal(ExecutionContext executionContext, ContextCallback callback, Object state)
--- End of stack trace from previous location ---
   at System.Threading.ExecutionContext.RunInternal(ExecutionContext executionContext, ContextCallback callback, Object state)
   at System.Threading.Tasks.Task.ExecuteWithThreadLocal(Task& currentTaskSlot, Thread threadPoolThread)
--- End of stack trace from previous location ---
   at Microsoft.EntityFrameworkCore.Storage.RelationalCommand.ExecuteReaderAsync(RelationalCommandParameterObject parameterObject, CancellationToken cancellationToken)
   at Microsoft.EntityFrameworkCore.Storage.RelationalCommand.ExecuteReaderAsync(RelationalCommandParameterObject parameterObject, CancellationToken cancellationToken)
   at Microsoft.EntityFrameworkCore.Update.ReaderModificationCommandBatch.ExecuteAsync(IRelationalConnection connection, CancellationToken cancellationToken)
ClientConnectionId:31794cbd-b5d5-4098-9790-bc1432df8013
Error Number:515,State:2,Class:16
   --- End of inner exception stack trace ---
   at Microsoft.EntityFrameworkCore.Update.ReaderModificationCommandBatch.ExecuteAsync(IRelationalConnection connection, CancellationToken cancellationToken)
   at Microsoft.EntityFrameworkCore.SqlServer.Update.Internal.SqlServerModificationCommandBatch.ExecuteAsync(IRelationalConnection connection, CancellationToken cancellationToken)
   at Microsoft.EntityFrameworkCore.Update.Internal.BatchExecutor.ExecuteAsync(IEnumerable`1 commandBatches, IRelationalConnection connection, CancellationToken cancellationToken)
   at Microsoft.EntityFrameworkCore.Update.Internal.BatchExecutor.ExecuteAsync(IEnumerable`1 commandBatches, IRelationalConnection connection, CancellationToken cancellationToken)
   at Microsoft.EntityFrameworkCore.Update.Internal.BatchExecutor.ExecuteAsync(IEnumerable`1 commandBatches, IRelationalConnection connection, CancellationToken cancellationToken)
   at Microsoft.EntityFrameworkCore.Storage.RelationalDatabase.SaveChangesAsync(IList`1 entries, CancellationToken cancellationToken)
   at Microsoft.EntityFrameworkCore.ChangeTracking.Internal.StateManager.SaveChangesAsync(IList`1 entriesToSave, CancellationToken cancellationToken)
   at Microsoft.EntityFrameworkCore.ChangeTracking.Internal.StateManager.SaveChangesAsync(StateManager stateManager, Boolean acceptAllChangesOnSuccess, CancellationToken cancellationToken)
   at Microsoft.EntityFrameworkCore.SqlServer.Storage.Internal.SqlServerExecutionStrategy.ExecuteAsync[TState,TResult](TState state, Func`4 operation, Func`4 verifySucceeded, CancellationToken cancellationToken)
   at Microsoft.EntityFrameworkCore.DbContext.SaveChangesAsync(Boolean acceptAllChangesOnSuccess, CancellationToken cancellationToken)
Microsoft.EntityFrameworkCore.DbUpdateException: An error occurred while saving the entity changes. See the inner exception for details.
 ---> Microsoft.Data.SqlClient.SqlException (0x80131904): Cannot insert the value NULL into column 'ConfirmPassword', table 'Internship_Matcher_DB.dbo.Users'; column does not allow nulls. INSERT fails.
The statement has been terminated.
   at Microsoft.Data.SqlClient.SqlCommand.<>c.<ExecuteDbDataReaderAsync>b__195_0(Task`1 result)
   at System.Threading.Tasks.ContinuationResultTaskFromResultTask`2.InnerInvoke()
   at System.Threading.ExecutionContext.RunInternal(ExecutionContext executionContext, ContextCallback callback, Object state)
--- End of stack trace from previous location ---
   at System.Threading.ExecutionContext.RunInternal(ExecutionContext executionContext, ContextCallback callback, Object state)
   at System.Threading.Tasks.Task.ExecuteWithThreadLocal(Task& currentTaskSlot, Thread threadPoolThread)
--- End of stack trace from previous location ---
   at Microsoft.EntityFrameworkCore.Storage.RelationalCommand.ExecuteReaderAsync(RelationalCommandParameterObject parameterObject, CancellationToken cancellationToken)
   at Microsoft.EntityFrameworkCore.Storage.RelationalCommand.ExecuteReaderAsync(RelationalCommandParameterObject parameterObject, CancellationToken cancellationToken)
   at Microsoft.EntityFrameworkCore.Update.ReaderModificationCommandBatch.ExecuteAsync(IRelationalConnection connection, CancellationToken cancellationToken)
ClientConnectionId:31794cbd-b5d5-4098-9790-bc1432df8013
Error Number:515,State:2,Class:16
   --- End of inner exception stack trace ---
   at Microsoft.EntityFrameworkCore.Update.ReaderModificationCommandBatch.ExecuteAsync(IRelationalConnection connection, CancellationToken cancellationToken)
   at Microsoft.EntityFrameworkCore.SqlServer.Update.Internal.SqlServerModificationCommandBatch.ExecuteAsync(IRelationalConnection connection, CancellationToken cancellationToken)
   at Microsoft.EntityFrameworkCore.Update.Internal.BatchExecutor.ExecuteAsync(IEnumerable`1 commandBatches, IRelationalConnection connection, CancellationToken cancellationToken)
   at Microsoft.EntityFrameworkCore.Update.Internal.BatchExecutor.ExecuteAsync(IEnumerable`1 commandBatches, IRelationalConnection connection, CancellationToken cancellationToken)
   at Microsoft.EntityFrameworkCore.Update.Internal.BatchExecutor.ExecuteAsync(IEnumerable`1 commandBatches, IRelationalConnection connection, CancellationToken cancellationToken)
   at Microsoft.EntityFrameworkCore.Storage.RelationalDatabase.SaveChangesAsync(IList`1 entries, CancellationToken cancellationToken)
   at Microsoft.EntityFrameworkCore.ChangeTracking.Internal.StateManager.SaveChangesAsync(IList`1 entriesToSave, CancellationToken cancellationToken)
   at Microsoft.EntityFrameworkCore.ChangeTracking.Internal.StateManager.SaveChangesAsync(StateManager stateManager, Boolean acceptAllChangesOnSuccess, CancellationToken cancellationToken)
   at Microsoft.EntityFrameworkCore.SqlServer.Storage.Internal.SqlServerExecutionStrategy.ExecuteAsync[TState,TResult](TState state, Func`4 operation, Func`4 verifySucceeded, CancellationToken cancellationToken)
   at Microsoft.EntityFrameworkCore.DbContext.SaveChangesAsync(Boolean acceptAllChangesOnSuccess, CancellationToken cancellationToken)
2026-04-17 23:06:41.951 +02:00 [INF] Executed action InternshipMatcher.API.Controllers.AuthController.RegisterUser (InternshipMatcher.API) in 1257.5065ms
2026-04-17 23:06:41.953 +02:00 [INF] Executed endpoint 'InternshipMatcher.API.Controllers.AuthController.RegisterUser (InternshipMatcher.API)'
2026-04-17 23:06:41.955 +02:00 [ERR] An unhandled exception has occurred while executing the request.
Microsoft.EntityFrameworkCore.DbUpdateException: An error occurred while saving the entity changes. See the inner exception for details.
 ---> Microsoft.Data.SqlClient.SqlException (0x80131904): Cannot insert the value NULL into column 'ConfirmPassword', table 'Internship_Matcher_DB.dbo.Users'; column does not allow nulls. INSERT fails.
The statement has been terminated.
   at Microsoft.Data.SqlClient.SqlCommand.<>c.<ExecuteDbDataReaderAsync>b__195_0(Task`1 result)
   at System.Threading.Tasks.ContinuationResultTaskFromResultTask`2.InnerInvoke()
   at System.Threading.ExecutionContext.RunInternal(ExecutionContext executionContext, ContextCallback callback, Object state)
--- End of stack trace from previous location ---
   at System.Threading.ExecutionContext.RunInternal(ExecutionContext executionContext, ContextCallback callback, Object state)
   at System.Threading.Tasks.Task.ExecuteWithThreadLocal(Task& currentTaskSlot, Thread threadPoolThread)
--- End of stack trace from previous location ---
   at Microsoft.EntityFrameworkCore.Storage.RelationalCommand.ExecuteReaderAsync(RelationalCommandParameterObject parameterObject, CancellationToken cancellationToken)
   at Microsoft.EntityFrameworkCore.Storage.RelationalCommand.ExecuteReaderAsync(RelationalCommandParameterObject parameterObject, CancellationToken cancellationToken)
   at Microsoft.EntityFrameworkCore.Update.ReaderModificationCommandBatch.ExecuteAsync(IRelationalConnection connection, CancellationToken cancellationToken)
ClientConnectionId:31794cbd-b5d5-4098-9790-bc1432df8013
Error Number:515,State:2,Class:16
   --- End of inner exception stack trace ---
   at Microsoft.EntityFrameworkCore.Update.ReaderModificationCommandBatch.ExecuteAsync(IRelationalConnection connection, CancellationToken cancellationToken)
   at Microsoft.EntityFrameworkCore.SqlServer.Update.Internal.SqlServerModificationCommandBatch.ExecuteAsync(IRelationalConnection connection, CancellationToken cancellationToken)
   at Microsoft.EntityFrameworkCore.Update.Internal.BatchExecutor.ExecuteAsync(IEnumerable`1 commandBatches, IRelationalConnection connection, CancellationToken cancellationToken)
   at Microsoft.EntityFrameworkCore.Update.Internal.BatchExecutor.ExecuteAsync(IEnumerable`1 commandBatches, IRelationalConnection connection, CancellationToken cancellationToken)
   at Microsoft.EntityFrameworkCore.Update.Internal.BatchExecutor.ExecuteAsync(IEnumerable`1 commandBatches, IRelationalConnection connection, CancellationToken cancellationToken)
   at Microsoft.EntityFrameworkCore.Storage.RelationalDatabase.SaveChangesAsync(IList`1 entries, CancellationToken cancellationToken)
   at Microsoft.EntityFrameworkCore.ChangeTracking.Internal.StateManager.SaveChangesAsync(IList`1 entriesToSave, CancellationToken cancellationToken)
   at Microsoft.EntityFrameworkCore.ChangeTracking.Internal.StateManager.SaveChangesAsync(StateManager stateManager, Boolean acceptAllChangesOnSuccess, CancellationToken cancellationToken)
   at Microsoft.EntityFrameworkCore.SqlServer.Storage.Internal.SqlServerExecutionStrategy.ExecuteAsync[TState,TResult](TState state, Func`4 operation, Func`4 verifySucceeded, CancellationToken cancellationToken)
   at Microsoft.EntityFrameworkCore.DbContext.SaveChangesAsync(Boolean acceptAllChangesOnSuccess, CancellationToken cancellationToken)
   at Microsoft.EntityFrameworkCore.DbContext.SaveChangesAsync(Boolean acceptAllChangesOnSuccess, CancellationToken cancellationToken)
   at InternshipMatcher.Infra.Services.GeneralRepository`1.AddAsync(T entity, CancellationToken cancellationToken) in C:\Users\HP\source\repos\InternshipMatcher\src\InternshipMatcher.Infra\Services\GeneralRepository.cs:line 19
   at InternshipMatcher.API.Controllers.AuthController.RegisterUser(UserRegisterationReqVM user) in C:\Users\HP\source\repos\InternshipMatcher\src\InternshipMatcher.API\Controllers\AuthController.cs:line 29
   at lambda_method9(Closure, Object)
   at Microsoft.AspNetCore.Mvc.Infrastructure.ActionMethodExecutor.AwaitableObjectResultExecutor.Execute(ActionContext actionContext, IActionResultTypeMapper mapper, ObjectMethodExecutor executor, Object controller, Object[] arguments)
   at Microsoft.AspNetCore.Mvc.Infrastructure.ControllerActionInvoker.<InvokeActionMethodAsync>g__Awaited|12_0(ControllerActionInvoker invoker, ValueTask`1 actionResultValueTask)
   at Microsoft.AspNetCore.Mvc.Infrastructure.ControllerActionInvoker.<InvokeNextActionFilterAsync>g__Awaited|10_0(ControllerActionInvoker invoker, Task lastTask, State next, Scope scope, Object state, Boolean isCompleted)
   at Microsoft.AspNetCore.Mvc.Infrastructure.ControllerActionInvoker.Rethrow(ActionExecutedContextSealed context)
   at Microsoft.AspNetCore.Mvc.Infrastructure.ControllerActionInvoker.Next(State& next, Scope& scope, Object& state, Boolean& isCompleted)
   at Microsoft.AspNetCore.Mvc.Infrastructure.ControllerActionInvoker.<InvokeInnerFilterAsync>g__Awaited|13_0(ControllerActionInvoker invoker, Task lastTask, State next, Scope scope, Object state, Boolean isCompleted)
   at Microsoft.AspNetCore.Mvc.Infrastructure.ResourceInvoker.<InvokeFilterPipelineAsync>g__Awaited|20_0(ResourceInvoker invoker, Task lastTask, State next, Scope scope, Object state, Boolean isCompleted)
   at Microsoft.AspNetCore.Mvc.Infrastructure.ResourceInvoker.<InvokeAsync>g__Logged|17_1(ResourceInvoker invoker)
   at Microsoft.AspNetCore.Mvc.Infrastructure.ResourceInvoker.<InvokeAsync>g__Logged|17_1(ResourceInvoker invoker)
   at Microsoft.AspNetCore.Routing.EndpointMiddleware.<Invoke>g__AwaitRequestTask|7_0(Endpoint endpoint, Task requestTask, ILogger logger)
   at Swashbuckle.AspNetCore.SwaggerUI.SwaggerUIMiddleware.Invoke(HttpContext httpContext)
   at Swashbuckle.AspNetCore.Swagger.SwaggerMiddleware.Invoke(HttpContext httpContext, ISwaggerProvider swaggerProvider)
   at Microsoft.AspNetCore.Authorization.AuthorizationMiddleware.Invoke(HttpContext context)
   at Microsoft.AspNetCore.Authentication.AuthenticationMiddleware.Invoke(HttpContext context)
   at Microsoft.AspNetCore.Diagnostics.DeveloperExceptionPageMiddlewareImpl.Invoke(HttpContext context)
2026-04-17 23:06:42.030 +02:00 [INF] Request finished HTTP/2 POST https://localhost:7102/api/Auth/Registeration - 500 null application/problem+json; charset=utf-8 1381.228ms
